cdvdman_IMPORTS_start
I_sceCdDiskReady
I_sceCdInit
I_sceCdMmode
I_sceCdRead
I_sceCdReadDVDV
I_sceCdSeek
I_sceCdStInit
I_sceCdStRead
I_sceCdStStart
I_sceCdStStop
I_sceCdSync
cdvdman_IMPORTS_end

modload_IMPORTS_start
I_LoadStartModule
modload_IMPORTS_end

stdio_IMPORTS_start
I_printf
I_fdprintf
stdio_IMPORTS_end

thsemap_IMPORTS_start
I_CreateSema
I_DeleteSema
I_SignalSema
I_iSignalSema
I_PollSema
I_WaitSema
thsemap_IMPORTS_end

sysmem_IMPORTS_start
I_AllocSysMemory
I_FreeSysMemory
I_QueryMaxFreeMemSize
sysmem_IMPORTS_end

sysclib_IMPORTS_start
I_memset
I_memcpy
sysclib_IMPORTS_end

ioman_IMPORTS_start
I_open
I_close
I_read
I_write
I_lseek
I_getstat
ioman_IMPORTS_end

thbase_IMPORTS_start
I_DelayThread
I_StartThread
I_CreateThread
I_GetSystemTime
I_SysClock2USec
I_USec2SysClock
I_SetAlarm
I_SleepThread
I_RotateThreadReadyQueue
I_ChangeThreadPriority
thbase_IMPORTS_end

timrman_IMPORTS_start
I_AllocHardTimer
I_GetTimerCounter
timrman_IMPORTS_end

thevent_IMPORTS_start
I_CreateEventFlag
I_WaitEventFlag
I_SetEventFlag
I_iSetEventFlag
thevent_IMPORTS_end

intrman_IMPORTS_start
I_RegisterIntrHandler
I_ReleaseIntrHandler
I_EnableIntr
I_DisableIntr
I_CpuDisableIntr
I_CpuEnableIntr
I_CpuInvokeInKmode
I_DisableDispatchIntr
I_EnableDispatchIntr
I_CpuSuspendIntr
I_CpuResumeIntr
I_QueryIntrContext
I_QueryIntrStack
I_iCatchMultiIntr
intrman_IMPORTS_end
